hagiwarayurika@hagiharayurikounoMacBook-Air git_challenge % touch h
ello_world.txt
hagiwarayurika@hagiharayurikounoMacBook-Air git_challenge % ls
hello_world.txt
hagiwarayurika@hagiharayurikounoMacBook-Air git_challenge % echo "Hello, world!" >> hello_world.txt

dquote> 
hagiwarayurika@hagiharayurikounoMacBook-Air git_challenge % echo Hello, world! >> hello_world.txt 
hagiwarayurika@hagiharayurikounoMacBook-Air git_challenge % cat hello_world.txt

Hello, world!
hagiwarayurika@hagiharayurikounoMacBook-Air git_challenge % git init

Initialized empty Git repository in /Users/hagiwarayurika/git_challenge/.git/
hagiwarayurika@hagiharayurikounoMacBook-Air git_challenge % git add hello_world.txt

hagiwarayurika@hagiharayurikounoMacBook-Air git_challenge % git commit -m "Add hello_world.txt with Hello, world! message"

[main (root-commit) a4a6844] Add hello_world.txt with Hello, world! message
 1 file changed, 1 insertion(+)
 create mode 100644 hello_world.txt
hagiwarayurika@hagiharayurikounoMacBook-Air git_challenge % echo こんにちは、世界! >> hello_world.txt  
hagiwarayurika@hagiharayurikounoMacBook-Air git_challenge % cat hello_world.txt

Hello, world!
こんにちは、世界!
hagiwarayurika@hagiharayurikounoMacBook-Air git_challenge % git add hello_world.txt

hagiwarayurika@hagiharayurikounoMacBook-Air git_challenge % git commit -m "Add Japanese greeting: こんにちは、世界！"

[main 30a2624] Add Japanese greeting: こんにちは、世界！
 1 file changed, 1 insertion(+)
hagiwarayurika@hagiharayurikounoMacBook-Air git_challenge % git log --oneline

30a2624 (HEAD -> main) Add Japanese greeting: こんにちは、世界！
a4a6844 Add hello_world.txt with Hello, world! message
hagiwarayurika@hagiharayurikounoMacBook-Air git_challenge % 